== behavior test driver: forge-1.20.1
   JDK        : D:/program/jdk-21
   server log : D:\work\StrikeAfterSwing\targets\forge-1.20.1\run\behavior-test-server.log
    merged override: targets/forge-1.20.1/behavior-test.json
== behaviour test: forge-1.20.1
    rcon port 25626, window 1000 ticks, poll timeout 300s
    server stop requested
Traceback (most recent call last):
  File "D:\work\StrikeAfterSwing\scripts\behavior-test\behavior_test.py", line 327, in <module>
    sys.exit(main())
             ^^^^^^
  File "D:\work\StrikeAfterSwing\scripts\behavior-test\behavior_test.py", line 302, in main
    sites, _ = measure(connection, settings, assertions)
               ^^^^^^^^^^^^^^^^^^^^^^^^^^^^^^^^^^^^^^^^^
  File "D:\work\StrikeAfterSwing\scripts\behavior-test\behavior_test.py", line 189, in measure
    require_command(connection, expand(settings['enableAi'], state['context']),
                                ^^^^^^^^^^^^^^^^^^^^^^^^^^^^^^^^^^^^^^^^^^^^^^
  File "D:\work\StrikeAfterSwing\scripts\behavior-test\behavior_test.py", line 109, in expand
    return template.format(**context)
           ^^^^^^^^^^^^^^^^^^^^^^^^^^
KeyError: 'tag'

   RESULT: FAIL (forge-1.20.1) - see D:\work\StrikeAfterSwing\targets\forge-1.20.1\run\behavior-test-server.log
